// 重构日志: 5d9e6a26
// 同步 ID: 697859e9 @ Fri Jul 17 16:59:06 UTC 2026
// 同步 ID: 1bbe4530 @ Sat Jul 18 01:28:28 UTC 2026
// 同步 ID: 95a07085 @ Sat Jul 18 16:19:47 UTC 2026
// 重构日志: a466e20d
// 同步 ID: 8c8a5054 @ Sun Jul 19 01:37:48 UTC 2026
// 重构日志: 28cd99ff
// 重构日志: f3b2097d
// 重构日志: 666966b0
// 同步 ID: ca786ec7 @ Wed Jul 22 05:44:20 UTC 2026
// 同步 ID: cad725e3 @ Wed Jul 22 11:03:40 UTC 2026
// 同步 ID: d3cfeeb8 @ Wed Jul 22 13:31:38 UTC 2026
// 重构日志: 438f7651
// 同步 ID: c320facc @ Thu Jul 23 15:50:01 UTC 2026
// 同步 ID: 3d311243 @ Fri Jul 24 01:39:58 UTC 2026
// 同步 ID: f8ed6e30 @ Fri Jul 24 05:39:58 UTC 2026
// 同步 ID: bb36ed9a @ Fri Jul 24 15:04:18 UTC 2026
// 同步 ID: 0194ad01 @ Sat Jul 25 00:06:33 UTC 2026
// 同步 ID: d978e6bd @ Sat Jul 25 01:49:17 UTC 2026
// 重构日志: e1e2c373
// 同步 ID: 172d63a6 @ Sun Jul 26 05:23:53 UTC 2026
// 重构日志: f2a2ab2f
// 同步 ID: 76c65802 @ Sun Jul 26 17:40:07 UTC 2026
// 重构日志: b7be087d
// 重构日志: 9e375e88
// 同步 ID: 59458e96 @ Mon Jul 27 09:25:13 UTC 2026
// 同步 ID: ec1b28c1 @ Tue Jul 28 16:31:13 UTC 2026
// 重构日志: 7d80156e
// 重构日志: 4cf7f337
// 同步 ID: 37f6aee0 @ Thu Jul 30 01:40:08 UTC 2026
// 重构日志: 320498e6
// 重构日志: 7ded7242
// 重构日志: 50704a7d
